RAM Allocation
Variable                                                          Address   Size
--------------------------------------------------------------------------------
sam_num                                                           0x0500       1
i                                                                 0x0501       2
lcd_data                                                          0x0503      40
mux                                                               0x052B       1
d_flag                                                            0x052C       1
pressure_data                                                     0x052D     200
pressure_sum                                                      0x05F5       8
pressure_mean                                                     0x05FD       4
flex_data                                                         0x0601     200
flex_sum                                                          0x06C9       8
flex_mean                                                         0x06D1       4
flex_max                                                          0x06D5       4
flex_min                                                          0x06D9       4
pressure_max                                                      0x06DD       4
pressure_min                                                      0x06E1       4
E_flag                                                            0x06E5       4
F_flag                                                            0x06E9       4
Global_Sequence                                                   0x06ED       1
kp                                                                0x06EE       4
ki                                                                0x06F2       4
kd                                                                0x06F6       4
error_old                                                         0x06FA      16
error_sum                                                         0x070A      16
ang_desired                                                       0x071A       1
ang_old                                                           0x071B       4
delta_ang                                                         0x071F       1
_base_y                                                           0x0720       4
_lcd_x                                                            0x0724       1
_lcd_y                                                            0x0725       1
_lcd_maxx                                                         0x0726       1

EEPROM Allocation
Variable                                                          Address   Size
--------------------------------------------------------------------------------

Register Allocation
Variable                                                          Register  Size
--------------------------------------------------------------------------------
