RAM Allocation
Variable                                                          Address   Size
--------------------------------------------------------------------------------
sam_num                                                           0x0500       1
i                                                                 0x0501       2
lcd_data                                                          0x0503      40
mux                                                               0x052B       1
d_flag                                                            0x052C       1
pressure_data                                                     0x052D     200
pressure_sum                                                      0x05F5       8
pressure_mean                                                     0x05FD       4
flex_data                                                         0x0601     200
flex_sum                                                          0x06C9       8
flex_mean                                                         0x06D1       4
flex_max                                                          0x06D5       4
flex_min                                                          0x06D9       4
pressure_max                                                      0x06DD       4
pressure_min                                                      0x06E1       4
E_flag                                                            0x06E5       4
F_flag                                                            0x06E9       4
Global_Sequence                                                   0x06ED       1
arrived                                                           0x06EE       8
kp                                                                0x06F6       4
ki                                                                0x06FA       4
kd                                                                0x06FE       4
error_old                                                         0x0702      16
error_sum                                                         0x0712      16
ang_old                                                           0x0722       4
_base_y                                                           0x0726       4
_lcd_x                                                            0x072A       1
_lcd_y                                                            0x072B       1
_lcd_maxx                                                         0x072C       1

EEPROM Allocation
Variable                                                          Address   Size
--------------------------------------------------------------------------------

Register Allocation
Variable                                                          Register  Size
--------------------------------------------------------------------------------
